Global frequency set at 1000000000000 ticks per second
WARNING: Output directory ext/dramsim3/DRAMsim3/ not exists! Using current directory for output!
build/RISCV/arch/riscv/bare_metal/fs_workload.cc:61: info: No bootload provided, because using XS GCPT, reset to 0x80000000
build/RISCV/base/statistics.hh:281: warn: One of the stats is a legacy stat. Legacy stat is a stat that does not belong to any statistics::Group. Legacy stat is deprecated.
build/RISCV/base/statistics.hh:281: warn: One of the stats is a legacy stat. Legacy stat is a stat that does not belong to any statistics::Group. Legacy stat is deprecated.
build/RISCV/cpu/pred/btb/btb_tage.cc:144: warn: BTBTAGE: Bank simulation works better with updateOnRead=true
build/RISCV/base/stats/storage.hh:279: warn: Bucket size (20) does not divide range [1:64] into equal-sized buckets. Rounding up.
Dispatch Grouping: No_OpClass 
Dispatch Grouping: IntAlu 
Dispatch Grouping: IntBr 
Dispatch Grouping: IntJp 
Dispatch Grouping: IntMult IntDiv 
Dispatch Grouping: Int2Fp 
Dispatch Grouping: StoreData 
Dispatch Grouping: FloatAdd FloatMult FloatMultAcc 
Dispatch Grouping: FloatDiv FloatSqrt 
Dispatch Grouping: FloatCmp FloatCvt FloatMv FloatMisc 
Dispatch Grouping: IprAccess InstPrefetch 
Dispatch Grouping: MemRead FloatMemRead VectorUnitStrideLoad VectorSegUnitStrideLoad VectorUnitStrideMaskLoad VectorSegUnitStrideMaskLoad VectorStridedLoad VectorSegStridedLoad VectorIndexedLoad VectorSegIndexedLoad VectorUnitStrideFaultOnlyFirstLoad VectorWholeRegisterLoad 
Dispatch Grouping: MemWrite FloatMemWrite MemAtomic VectorUnitStrideStore VectorSegUnitStrideStore VectorUnitStrideMaskStore VectorStridedStore VectorIndexedStore VectorWholeRegisterStore 
Dispatch Grouping: VectorIntegerArith VectorFloatArith VectorFloatConvert VectorIntegerReduce VectorFloatReduce VectorMisc VectorIntegerExtension VectorConfig 
build/RISCV/cpu/o3/issue_queue.cc:1494: warn: No config for opClass: IprAccess
build/RISCV/cpu/o3/issue_queue.cc:1494: warn: No config for opClass: InstPrefetch
build/RISCV/cpu/base.cc:257: warn: Difftest is disabled
build/RISCV/base/stats/storage.hh:279: warn: Bucket size (5) does not divide range [11:100] into equal-sized buckets. Rounding up.
build/RISCV/base/stats/storage.hh:279: warn: Bucket size (20) does not divide range [1:500] into equal-sized buckets. Rounding up.
build/RISCV/base/stats/storage.hh:279: warn: Bucket size (20) does not divide range [1:500] into equal-sized buckets. Rounding up.
build/RISCV/base/stats/storage.hh:279: warn: Bucket size (5) does not divide range [1:160] into equal-sized buckets. Rounding up.
build/RISCV/base/stats/storage.hh:279: warn: Bucket size (10) does not divide range [1:100] into equal-sized buckets. Rounding up.
build/RISCV/base/stats/storage.hh:279: warn: Bucket size (8) does not divide range [1:160] into equal-sized buckets. Rounding up.
build/RISCV/base/stats/storage.hh:279: warn: Bucket size (6) does not divide range [1:256] into equal-sized buckets. Rounding up.
build/RISCV/cpu/o3/cpu.cc:246: warn: Setting isa ptr of cpu to 0x5e833974e300
build/RISCV/mem/cache/replacement_policies/tree_plru_rp.cc:108: warn: Number of leaves must be non-zero and a power of 2
build/RISCV/mem/cache/replacement_policies/tree_plru_rp.cc:108: warn: Number of leaves must be non-zero and a power of 2
build/RISCV/mem/cache/prefetch/associative_set_impl.hh:45: warn: The number of entries of an AssociativeSet<> must be a power of 2
build/RISCV/mem/cache/prefetch/associative_set_impl.hh:47: warn: The associativity of an AssociativeSet<> must be a power of 2
build/RISCV/mem/cache/prefetch/associative_set_impl.hh:45: warn: The number of entries of an AssociativeSet<> must be a power of 2
build/RISCV/mem/cache/prefetch/associative_set_impl.hh:47: warn: The associativity of an AssociativeSet<> must be a power of 2
      0: system.rtc: Real-time clock set to Sun Jan  1 00:00:00 2012
0: system.remote_gdb: listening for remote gdb on port 7000
build/RISCV/mem/physical.cc:509: warn: Unserializing physical memory from file /home/yehia/nexus-am/apps/RISCV_Academy/build/benchmark/Add_benchmark.bin
build/RISCV/mem/physical.cc:580: info: copying /home/yehia/nexus-am/apps/RISCV_Academy/build/benchmark/Add_benchmark.bin to pmem 0x700766c50000
build/RISCV/mem/physical.cc:610: info: First 4 bytes are 0x93 0x0 0x0 0x0
build/RISCV/sim/system.cc:561: info: Restored from Xiangshan RISC-V Checkpoint
gem5 Simulator System.  https://www.gem5.org
gem5 is copyrighted software; use the --copyright option for details.

gem5 version [DEVELOP-FOR-22.1]
gem5 compiled Sep 15 2026 15:18:56
gem5 started Sep 21 2026 08:00:07
gem5 executing on Yehia, pid 2047
command line: /home/yehia/riscv/GEM5/build/RISCV/gem5.opt -d ./m5out_add_bench /home/yehia/riscv/GEM5/configs/example/kmhv3.py --disable-difftest --raw-cpt --generic-rv-cpt=/home/yehia/nexus-am/apps/RISCV_Academy/build/benchmark/Add_benchmark.bin

[<m5.params.AddrRange object at 0x700966f8a2c0>]
Checkpoint mode: Using standard FS mode with normal MMU translation
Simulating single core without RVV, demanding GCPT restorer size of 0x700.
Using raw bbl /home/yehia/nexus-am/apps/RISCV_Academy/build/benchmark/Add_benchmark.bin
Attach 1 decoders to thread with addr: <orphan System>.cpu.decoder
Create threads for test sys cpu (XiangshanCore)
create_prefetcher at l2: PrefetcherForwarder
create_prefetcher at l2: PrefetcherForwarder
create_prefetcher at l2: PrefetcherForwarder
create_prefetcher at l2: PrefetcherForwarder
create_prefetcher at l2_wrapper: L2CompositeWithWorkerPrefetcher
create_prefetcher at l3: WorkerPrefetcher
create_prefetcher at l1i: None
create_prefetcher at l1d: XSCompositePrefetcher
Finish memory system configuration
Disable regfile arbitration
No switch cpu_class provided
Registering probe listeners for BaseO3CPU system.cpu
Registering probe listeners for Prefetcher system.cpu.dcache.prefetcher
system.cpu.dcache.prefetcher addTLB system.cpu.mmu.dtb
system.cpu.dcache.prefetcher addHintDownStream system.l2_wrappers.prefetcher
Registering probe listeners for Prefetcher system.cpu.dcache.prefetcher.berti
Registering probe listeners for Prefetcher system.cpu.dcache.prefetcher.bop_large
Registering probe listeners for Prefetcher system.cpu.dcache.prefetcher.bop_learned
Registering probe listeners for Prefetcher system.cpu.dcache.prefetcher.bop_small
Registering probe listeners for Prefetcher system.cpu.dcache.prefetcher.cmc
Registering probe listeners for Prefetcher system.cpu.dcache.prefetcher.ipcp
Registering probe listeners for Prefetcher system.cpu.dcache.prefetcher.opt
Registering probe listeners for Prefetcher system.cpu.dcache.prefetcher.spp
Registering probe listeners for Prefetcher system.cpu.dcache.prefetcher.sstride
Registering probe listeners for Prefetcher system.cpu.dcache.prefetcher.xsstream
Registering inner cache accessors for L2CacheWrapper system.l2_wrappers
Registering probe listeners for Prefetcher system.l2_wrappers.prefetcher
system.l2_wrappers.prefetcher addTLB system.cpu.mmu.dtb
system.l2_wrappers.prefetcher addHintDownStream system.l3.prefetcher
Registering probe listeners for Prefetcher system.l2_wrappers.prefetcher.bop_large
Registering probe listeners for Prefetcher system.l2_wrappers.prefetcher.bop_small
Registering probe listeners for Prefetcher system.l2_wrappers.prefetcher.cdp
Registering probe listeners for Prefetcher system.l2_wrappers.prefetcher.cmc
Registering probe listeners for Prefetcher system.l2_wrappers.prefetcher.despacito_stream
Registering inner cache accessor for L2CacheSlice system.l2_wrappers.slices0
Registering probe listeners for Prefetcher system.l2_wrappers.slices0.inner_cache.prefetcher
system.l2_wrappers.slices0.inner_cache.prefetcher addTLB system.cpu.mmu.dtb
Registering inner cache accessor for L2CacheSlice system.l2_wrappers.slices1
Registering probe listeners for Prefetcher system.l2_wrappers.slices1.inner_cache.prefetcher
system.l2_wrappers.slices1.inner_cache.prefetcher addTLB system.cpu.mmu.dtb
Registering inner cache accessor for L2CacheSlice system.l2_wrappers.slices2
Registering probe listeners for Prefetcher system.l2_wrappers.slices2.inner_cache.prefetcher
system.l2_wrappers.slices2.inner_cache.prefetcher addTLB system.cpu.mmu.dtb
Registering inner cache accessor for L2CacheSlice system.l2_wrappers.slices3
Registering probe listeners for Prefetcher system.l2_wrappers.slices3.inner_cache.prefetcher
system.l2_wrappers.slices3.inner_cache.prefetcher addTLB system.cpu.mmu.dtb
Registering probe listeners for Prefetcher system.l3.prefetcher
**** REAL SIMULATION ****
build/RISCV/sim/simulate.cc:194: info: Entering event queue @ 0.  Starting simulation...
build/RISCV/dev/serial/uartlite.cc:35: warn: Write to other uartlite addr 12 is not implemented
build/RISCV/cpu/o3/issue_queue.cc:360: warn: Tt's should not happen on classic cache, it may be wrong delay of load wake or missed loadcancel in lsq
Add benchmark: 128x100, 3 iterations
heap start = 80322000
Add SATURATE: num_pixels: 12800
  scalar  : 202475 cycles, 339878 instructions, performance: 0.063218 pixels/cycle
  vectorized : 4756 cycles, 1718 instructions, performance: 2.691337 pixels/cycle
  speedup    : 42.572540 x
Add WRAP: num_pixels: 12800
  scalar  : 212137 cycles, 352550 instructions, performance: 0.060338 pixels/cycle
  vectorized : 3696 cycles, 1718 instructions, performance: 3.463203 pixels/cycle
  speedup    : 57.396374 x
Output is correct.
Exiting @ tick 825891282 because m5_exit instruction encountered when simulating XS
